[     331ms] [INFO] %cDownload the React DevTools for a better development experience: https://react.dev/link/react-devtools font-weight:bold @ http://localhost:3030/_next/static/chunks/04m2_next_dist_01d_w1-._.js:2431
[     376ms] [LOG] [HMR] connected @ http://localhost:3030/_next/static/chunks/04m2_next_dist_01d_w1-._.js:2431
[     421ms] [INFO] %c%s%c [setup-health] background: #e6e6e6;background: light-dark(rgba(0,0,0,0.1), rgba(255,255,255,0.25));color: #000000;color: light-dark(#000000, #ffffff);border-radius: 2px  Server   panel-layout {tenantId: cmrvvipw70000oyyo6123270j, userId: cmrvvipyc000aoyyodcu4tftb, score: 40, completedCount: 2, totalCriticalCount: 5} @ http://localhost:3030/_next/static/chunks/04m2_next_dist_01d_w1-._.js:2431
[   19523ms] [INFO] %c%s%c [setup-health] background: #e6e6e6;background: light-dark(rgba(0,0,0,0.1), rgba(255,255,255,0.25));color: #000000;color: light-dark(#000000, #ffffff);border-radius: 2px  Server   panel-layout {tenantId: cmrvvipw70000oyyo6123270j, userId: cmrvvipyc000aoyyodcu4tftb, score: 40, completedCount: 2, totalCriticalCount: 5} @ http://localhost:3030/_next/static/chunks/04m2_next_dist_01d_w1-._.js:2431
[   29438ms] [INFO] %c%s%c [setup-health] background: #e6e6e6;background: light-dark(rgba(0,0,0,0.1), rgba(255,255,255,0.25));color: #000000;color: light-dark(#000000, #ffffff);border-radius: 2px  Server   panel-layout {tenantId: cmrvvipw70000oyyo6123270j, userId: cmrvvipyc000aoyyodcu4tftb, score: 40, completedCount: 2, totalCriticalCount: 5} @ http://localhost:3030/_next/static/chunks/04m2_next_dist_01d_w1-._.js:2431
[   33273ms] [LOG] [Fast Refresh] rebuilding @ http://localhost:3030/_next/static/chunks/04m2_next_dist_01d_w1-._.js:2431
[   33543ms] [LOG] [Fast Refresh] done in 380ms @ http://localhost:3030/_next/static/chunks/04m2_next_dist_01d_w1-._.js:2431
[   42922ms] [LOG] [Fast Refresh] rebuilding @ http://localhost:3030/_next/static/chunks/04m2_next_dist_01d_w1-._.js:2431
[   43096ms] [LOG] [Fast Refresh] done in 287ms @ http://localhost:3030/_next/static/chunks/04m2_next_dist_01d_w1-._.js:2431
[   44422ms] [LOG] [Fast Refresh] rebuilding @ http://localhost:3030/_next/static/chunks/04m2_next_dist_01d_w1-._.js:2431
[   44602ms] [LOG] [Fast Refresh] done in 292ms @ http://localhost:3030/_next/static/chunks/04m2_next_dist_01d_w1-._.js:2431
[   54458ms] [ERROR] WebSocket connection to 'ws://localhost:3030/_next/webpack-hmr?id=6fPk_ZPQNsuWcZs_U0VT4' failed: Error in connection establishment: net::ERR_CONNECTION_REFUSED @ http://localhost:3030/_next/static/chunks/04m2_next_dist_client_0-mnb_3._.js:13299
[   57803ms] [ERROR] WebSocket connection to 'ws://localhost:3030/_next/webpack-hmr?id=6fPk_ZPQNsuWcZs_U0VT4' failed: Error in connection establishment: net::ERR_CONNECTION_REFUSED @ http://localhost:3030/_next/static/chunks/04m2_next_dist_client_0-mnb_3._.js:13299
[   61174ms] [ERROR] WebSocket connection to 'ws://localhost:3030/_next/webpack-hmr?id=6fPk_ZPQNsuWcZs_U0VT4' failed: Error in connection establishment: net::ERR_CONNECTION_REFUSED @ http://localhost:3030/_next/static/chunks/04m2_next_dist_client_0-mnb_3._.js:13299
[   64545ms] [ERROR] WebSocket connection to 'ws://localhost:3030/_next/webpack-hmr?id=6fPk_ZPQNsuWcZs_U0VT4' failed: Error in connection establishment: net::ERR_CONNECTION_REFUSED @ http://localhost:3030/_next/static/chunks/04m2_next_dist_client_0-mnb_3._.js:13299
[   67914ms] [ERROR] WebSocket connection to 'ws://localhost:3030/_next/webpack-hmr?id=6fPk_ZPQNsuWcZs_U0VT4' failed: Error in connection establishment: net::ERR_CONNECTION_REFUSED @ http://localhost:3030/_next/static/chunks/04m2_next_dist_client_0-mnb_3._.js:13299
[   75254ms] [ERROR] WebSocket connection to 'ws://localhost:3030/_next/webpack-hmr?id=6fPk_ZPQNsuWcZs_U0VT4' failed: Error in connection establishment: net::ERR_CONNECTION_REFUSED @ http://localhost:3030/_next/static/chunks/04m2_next_dist_client_0-mnb_3._.js:13299
[   82622ms] [ERROR] WebSocket connection to 'ws://localhost:3030/_next/webpack-hmr?id=6fPk_ZPQNsuWcZs_U0VT4' failed: Error in connection establishment: net::ERR_CONNECTION_REFUSED @ http://localhost:3030/_next/static/chunks/04m2_next_dist_client_0-mnb_3._.js:13299
[   89971ms] [ERROR] WebSocket connection to 'ws://localhost:3030/_next/webpack-hmr?id=6fPk_ZPQNsuWcZs_U0VT4' failed: Error in connection establishment: net::ERR_CONNECTION_REFUSED @ http://localhost:3030/_next/static/chunks/04m2_next_dist_client_0-mnb_3._.js:13299
[   97345ms] [ERROR] WebSocket connection to 'ws://localhost:3030/_next/webpack-hmr?id=6fPk_ZPQNsuWcZs_U0VT4' failed: Error in connection establishment: net::ERR_CONNECTION_REFUSED @ http://localhost:3030/_next/static/chunks/04m2_next_dist_client_0-mnb_3._.js:13299
[  104679ms] [ERROR] WebSocket connection to 'ws://localhost:3030/_next/webpack-hmr?id=6fPk_ZPQNsuWcZs_U0VT4' failed: Error in connection establishment: net::ERR_CONNECTION_REFUSED @ http://localhost:3030/_next/static/chunks/04m2_next_dist_client_0-mnb_3._.js:13299
[  112044ms] [ERROR] WebSocket connection to 'ws://localhost:3030/_next/webpack-hmr?id=6fPk_ZPQNsuWcZs_U0VT4' failed: Error in connection establishment: net::ERR_CONNECTION_REFUSED @ http://localhost:3030/_next/static/chunks/04m2_next_dist_client_0-mnb_3._.js:13299
[  119390ms] [ERROR] WebSocket connection to 'ws://localhost:3030/_next/webpack-hmr?id=6fPk_ZPQNsuWcZs_U0VT4' failed: Error in connection establishment: net::ERR_CONNECTION_REFUSED @ http://localhost:3030/_next/static/chunks/04m2_next_dist_client_0-mnb_3._.js:13299
[  528218ms] [ERROR] Failed to load resource: the server responded with a status of 500 (Internal Server Error) @ http://localhost:3030/employees/phase3-runtime-empty/change-requests/cmrw0ds3o0019oyh8kw1srgs6:0
[  528555ms] [INFO] %cDownload the React DevTools for a better development experience: https://react.dev/link/react-devtools font-weight:bold @ http://localhost:3030/_next/static/chunks/04m2_next_dist_01d_w1-._.js:2431
[  528798ms] [LOG] [HMR] connected @ http://localhost:3030/_next/static/chunks/04m2_next_dist_01d_w1-._.js:2431
[  528815ms] [LOG] %c%s%c prisma:error background: #e6e6e6;background: light-dark(rgba(0,0,0,0.1), rgba(255,255,255,0.25));color: #000000;color: light-dark(#000000, #ffffff);border-radius: 2px  Server   
Invalid `prisma.appUser.findUnique()` invocation:


Prisma Client could not locate the Query Engine for runtime "windows".

This is likely caused by tooling that has not copied "query_engine-windows.dll.node" to the deployment folder.
Ensure that you ran `prisma generate` and that "query_engine-windows.dll.node" has been copied to "node_modules\.prisma\client".

We would appreciate if you could take the time to share some information with us.
Please help us by answering a few questions: https://pris.ly/engine-not-found-tooling-investigation

The following locations have been searched:
  C:\Users\Administrator\Desktop\first-unit-next\vahedyek\apps\dastranj-panel\node_modules\.prisma\client
  C:\ROOT\Desktop\first-unit-next\vahedyek\apps\dastranj-panel\node_modules\.prisma\client
  /tmp/prisma-engines
  C:\Users\Administrator\Desktop\first-unit-next\vahedyek\apps\dastranj-panel\prisma @ http://localhost:3030/_next/static/chunks/04m2_next_dist_01d_w1-._.js:2431
[  528818ms] [LOG] %c%s%c prisma:error background: #e6e6e6;background: light-dark(rgba(0,0,0,0.1), rgba(255,255,255,0.25));color: #000000;color: light-dark(#000000, #ffffff);border-radius: 2px  Server   
Invalid `prisma.appUser.findUnique()` invocation:


Prisma Client could not locate the Query Engine for runtime "windows".

This is likely caused by tooling that has not copied "query_engine-windows.dll.node" to the deployment folder.
Ensure that you ran `prisma generate` and that "query_engine-windows.dll.node" has been copied to "node_modules\.prisma\client".

We would appreciate if you could take the time to share some information with us.
Please help us by answering a few questions: https://pris.ly/engine-not-found-tooling-investigation

The following locations have been searched:
  C:\Users\Administrator\Desktop\first-unit-next\vahedyek\apps\dastranj-panel\node_modules\.prisma\client
  C:\ROOT\Desktop\first-unit-next\vahedyek\apps\dastranj-panel\node_modules\.prisma\client
  /tmp/prisma-engines
  C:\Users\Administrator\Desktop\first-unit-next\vahedyek\apps\dastranj-panel\prisma @ http://localhost:3030/_next/static/chunks/04m2_next_dist_01d_w1-._.js:2431
[  528931ms] PrismaClientInitializationError: 
Invalid `prisma.appUser.findUnique()` invocation:


Prisma Client could not locate the Query Engine for runtime "windows".

This is likely caused by tooling that has not copied "query_engine-windows.dll.node" to the deployment folder.
Ensure that you ran `prisma generate` and that "query_engine-windows.dll.node" has been copied to "node_modules\.prisma\client".

We would appreciate if you could take the time to share some information with us.
Please help us by answering a few questions: https://pris.ly/engine-not-found-tooling-investigation

The following locations have been searched:
  C:\Users\Administrator\Desktop\first-unit-next\vahedyek\apps\dastranj-panel\node_modules\.prisma\client
  C:\ROOT\Desktop\first-unit-next\vahedyek\apps\dastranj-panel\node_modules\.prisma\client
  /tmp/prisma-engines
  C:\Users\Administrator\Desktop\first-unit-next\vahedyek\apps\dastranj-panel\prisma
    at  getAuthContextFromPayload (about://React/Server/C:%5CUsers%5CAdministrator%5CDesktop%5Cfirst-unit-next%5Cvahedyek%5Capps%5Cdastranj-panel%5C.next%5Cdev%5Cserver%5Cchunks%5Cssr%5C%5Broot-of-the-server%5D__0yhe2wo._.js?0:465:18)
    at  PanelLayout (about://React/Server/C:%5CUsers%5CAdministrator%5CDesktop%5Cfirst-unit-next%5Cvahedyek%5Capps%5Cdastranj-panel%5C.next%5Cdev%5Cserver%5Cchunks%5Cssr%5C%5Broot-of-the-server%5D__0yhe2wo._.js?1:1080:21)
    at resolveErrorDev (http://localhost:3030/_next/static/chunks/04m2_next_dist_compiled_react-server-dom-turbopack_0m1uz4p._.js:1919:105)
    at processFullStringRow (http://localhost:3030/_next/static/chunks/04m2_next_dist_compiled_react-server-dom-turbopack_0m1uz4p._.js:2434:29)
    at processFullBinaryRow (http://localhost:3030/_next/static/chunks/04m2_next_dist_compiled_react-server-dom-turbopack_0m1uz4p._.js:2393:9)
    at processBinaryChunk (http://localhost:3030/_next/static/chunks/04m2_next_dist_compiled_react-server-dom-turbopack_0m1uz4p._.js:2502:221)
    at progress (http://localhost:3030/_next/static/chunks/04m2_next_dist_compiled_react-server-dom-turbopack_0m1uz4p._.js:2689:13)
[  532501ms] [WARNING] The resource https://cdnjs.cloudflare.com/ajax/libs/font-awesome/6.4.0/css/all.min.css was preloaded using link preload but not used within a few seconds from the window's load event. Please make sure it has an appropriate `as` value and it is preloaded intentionally. @ http://localhost:3030/employees/phase3-runtime-empty/change-requests/cmrw0ds3o0019oyh8kw1srgs6:0
[  576863ms] [LOG] [Fast Refresh] rebuilding @ http://localhost:3030/_next/static/chunks/04m2_next_dist_01d_w1-._.js:2431
[  577255ms] [LOG] [Fast Refresh] done in 498ms @ http://localhost:3030/_next/static/chunks/04m2_next_dist_01d_w1-._.js:2431
[  605935ms] [LOG] [Fast Refresh] rebuilding @ http://localhost:3030/_next/static/chunks/04m2_next_dist_01d_w1-._.js:2431
[  609233ms] [ERROR] WebSocket connection to 'ws://localhost:3030/_next/webpack-hmr?id=qMJ4JrIkWC98Cb_9dM1R3' failed: Error in connection establishment: net::ERR_CONNECTION_REFUSED @ http://localhost:3030/_next/static/chunks/04m2_next_dist_client_0-mnb_3._.js:13299
[  612602ms] [ERROR] WebSocket connection to 'ws://localhost:3030/_next/webpack-hmr?id=qMJ4JrIkWC98Cb_9dM1R3' failed: Error in connection establishment: net::ERR_CONNECTION_REFUSED @ http://localhost:3030/_next/static/chunks/04m2_next_dist_client_0-mnb_3._.js:13299
[  614019ms] [LOG] [HMR] connected @ http://localhost:3030/_next/static/chunks/04m2_next_dist_01d_w1-._.js:2431
[  617030ms] [WARNING] The resource https://cdnjs.cloudflare.com/ajax/libs/font-awesome/6.4.0/css/all.min.css was preloaded using link preload but not used within a few seconds from the window's load event. Please make sure it has an appropriate `as` value and it is preloaded intentionally. @ http://localhost:3030/employees/phase3-runtime-empty/change-requests/cmrw0ds3o0019oyh8kw1srgs6:0
[  618195ms] [INFO] %cDownload the React DevTools for a better development experience: https://react.dev/link/react-devtools font-weight:bold @ http://localhost:3030/_next/static/chunks/04m2_next_dist_01d_w1-._.js:2431
[  618528ms] [LOG] [HMR] connected @ http://localhost:3030/_next/static/chunks/04m2_next_dist_01d_w1-._.js:2431
[  618543ms] [INFO] %c%s%c [setup-health] background: #e6e6e6;background: light-dark(rgba(0,0,0,0.1), rgba(255,255,255,0.25));color: #000000;color: light-dark(#000000, #ffffff);border-radius: 2px  Server   panel-layout hidden because permission=false {tenantId: cmrvvipw70000oyyo6123270j, userId: cmrvvipyc000aoyyodcu4tftb, roleKeys: Array(1)} @ http://localhost:3030/_next/static/chunks/04m2_next_dist_01d_w1-._.js:2431
[  618869ms] [ERROR] %o

%s Error: برای انجام این عملیات روی کارمند دسترسی کافی ندارید.
    at requireEmployeeAccess (about://React/Server/C:%5CUsers%5CAdministrator%5CDesktop%5Cfirst-unit-next%5Cvahedyek%5Capps%5Cdastranj-panel%5C.next%5Cdev%5Cserver%5Cchunks%5Cssr%5CDesktop_first-unit-next_vahedyek_apps_dastranj-panel_01wzxcb._.js?0:6852:45)
    at  EmployeeChangeRequestDetailPage (about://React/Server/C:%5CUsers%5CAdministrator%5CDesktop%5Cfirst-unit-next%5Cvahedyek%5Capps%5Cdastranj-panel%5C.next%5Cdev%5Cserver%5Cchunks%5Cssr%5C%5Broot-of-the-server%5D__0.f7p-m._.js?1:138:5)
    at resolveErrorDev (http://localhost:3030/_next/static/chunks/04m2_next_dist_compiled_react-server-dom-turbopack_0m1uz4p._.js:1919:105)
    at processFullStringRow (http://localhost:3030/_next/static/chunks/04m2_next_dist_compiled_react-server-dom-turbopack_0m1uz4p._.js:2434:29)
    at processFullBinaryRow (http://localhost:3030/_next/static/chunks/04m2_next_dist_compiled_react-server-dom-turbopack_0m1uz4p._.js:2393:9)
    at processBinaryChunk (http://localhost:3030/_next/static/chunks/04m2_next_dist_compiled_react-server-dom-turbopack_0m1uz4p._.js:2502:221)
    at progress (http://localhost:3030/_next/static/chunks/04m2_next_dist_compiled_react-server-dom-turbopack_0m1uz4p._.js:2689:13) The above error occurred in the <EmployeeChangeRequestDetailPage> component. It was handled by the <ErrorBoundaryHandler> error boundary. @ http://localhost:3030/_next/static/chunks/04m2_next_dist_client_0-mnb_3._.js:1998
[  620955ms] [LOG] [Fast Refresh] rebuilding @ http://localhost:3030/_next/static/chunks/04m2_next_dist_01d_w1-._.js:2431
[  621861ms] [LOG] [Fast Refresh] done in 1018ms @ http://localhost:3030/_next/static/chunks/04m2_next_dist_01d_w1-._.js:2431
[  629256ms] [LOG] [Fast Refresh] rebuilding @ http://localhost:3030/_next/static/chunks/04m2_next_dist_01d_w1-._.js:2431
[  629507ms] [LOG] [Fast Refresh] done in 365ms @ http://localhost:3030/_next/static/chunks/04m2_next_dist_01d_w1-._.js:2431
[  631164ms] [LOG] [Fast Refresh] rebuilding @ http://localhost:3030/_next/static/chunks/04m2_next_dist_01d_w1-._.js:2431
[  631350ms] [LOG] [Fast Refresh] done in 289ms @ http://localhost:3030/_next/static/chunks/04m2_next_dist_01d_w1-._.js:2431
[  651269ms] [LOG] [Fast Refresh] rebuilding @ http://localhost:3030/_next/static/chunks/04m2_next_dist_01d_w1-._.js:2431
[  651505ms] [LOG] [Fast Refresh] done in 353ms @ http://localhost:3030/_next/static/chunks/04m2_next_dist_01d_w1-._.js:2431
[  653346ms] [LOG] [Fast Refresh] rebuilding @ http://localhost:3030/_next/static/chunks/04m2_next_dist_01d_w1-._.js:2431
[  653530ms] [LOG] [Fast Refresh] done in 296ms @ http://localhost:3030/_next/static/chunks/04m2_next_dist_01d_w1-._.js:2431
