[    1544ms] [INFO] %cDownload the React DevTools for a better development experience: https://react.dev/link/react-devtools font-weight:bold @ http://localhost:3030/_next/static/chunks/04m2_next_dist_01d_w1-._.js:2431
[    1698ms] [LOG] [HMR] connected @ http://localhost:3030/_next/static/chunks/04m2_next_dist_01d_w1-._.js:2431
[    1725ms] [INFO] %c%s%c [setup-health] background: #e6e6e6;background: light-dark(rgba(0,0,0,0.1), rgba(255,255,255,0.25));color: #000000;color: light-dark(#000000, #ffffff);border-radius: 2px  Server   panel-layout {tenantId: cmrvvipw70000oyyo6123270j, userId: cmrvvipy90009oyyocqnstw83, score: 40, completedCount: 2, totalCriticalCount: 5} @ http://localhost:3030/_next/static/chunks/04m2_next_dist_01d_w1-._.js:2431
[    2077ms] [LOG] [Fast Refresh] rebuilding @ http://localhost:3030/_next/static/chunks/04m2_next_dist_01d_w1-._.js:2431
[    2099ms] [LOG] [Fast Refresh] done in 126ms @ http://localhost:3030/_next/static/chunks/04m2_next_dist_01d_w1-._.js:2431
[   12811ms] [LOG] [Fast Refresh] rebuilding @ http://localhost:3030/_next/static/chunks/04m2_next_dist_01d_w1-._.js:2431
[   13201ms] [LOG] [Fast Refresh] done in 491ms @ http://localhost:3030/_next/static/chunks/04m2_next_dist_01d_w1-._.js:2431
[   31160ms] [LOG] [Fast Refresh] rebuilding @ http://localhost:3030/_next/static/chunks/04m2_next_dist_01d_w1-._.js:2431
[   31413ms] [LOG] [Fast Refresh] done in 353ms @ http://localhost:3030/_next/static/chunks/04m2_next_dist_01d_w1-._.js:2431
[   50518ms] [ERROR] WebSocket connection to 'ws://localhost:3030/_next/webpack-hmr?id=cAaqOVcC9iJeHKKEgcz0e' failed: Error in connection establishment: net::ERR_CONNECTION_REFUSED @ http://localhost:3030/_next/static/chunks/04m2_next_dist_client_0-mnb_3._.js:13299
[   53855ms] [ERROR] WebSocket connection to 'ws://localhost:3030/_next/webpack-hmr?id=cAaqOVcC9iJeHKKEgcz0e' failed: Error in connection establishment: net::ERR_CONNECTION_REFUSED @ http://localhost:3030/_next/static/chunks/04m2_next_dist_client_0-mnb_3._.js:13299
[   57186ms] [ERROR] WebSocket connection to 'ws://localhost:3030/_next/webpack-hmr?id=cAaqOVcC9iJeHKKEgcz0e' failed: Error in connection establishment: net::ERR_CONNECTION_REFUSED @ http://localhost:3030/_next/static/chunks/04m2_next_dist_client_0-mnb_3._.js:13299
[   60512ms] [ERROR] WebSocket connection to 'ws://localhost:3030/_next/webpack-hmr?id=cAaqOVcC9iJeHKKEgcz0e' failed: Error in connection establishment: net::ERR_CONNECTION_REFUSED @ http://localhost:3030/_next/static/chunks/04m2_next_dist_client_0-mnb_3._.js:13299
[   63862ms] [ERROR] WebSocket connection to 'ws://localhost:3030/_next/webpack-hmr?id=cAaqOVcC9iJeHKKEgcz0e' failed: Error in connection establishment: net::ERR_CONNECTION_REFUSED @ http://localhost:3030/_next/static/chunks/04m2_next_dist_client_0-mnb_3._.js:13299
[   71236ms] [ERROR] WebSocket connection to 'ws://localhost:3030/_next/webpack-hmr?id=cAaqOVcC9iJeHKKEgcz0e' failed: Error in connection establishment: net::ERR_CONNECTION_REFUSED @ http://localhost:3030/_next/static/chunks/04m2_next_dist_client_0-mnb_3._.js:13299
[   78565ms] [ERROR] WebSocket connection to 'ws://localhost:3030/_next/webpack-hmr?id=cAaqOVcC9iJeHKKEgcz0e' failed: Error in connection establishment: net::ERR_CONNECTION_REFUSED @ http://localhost:3030/_next/static/chunks/04m2_next_dist_client_0-mnb_3._.js:13299
[   85900ms] [ERROR] WebSocket connection to 'ws://localhost:3030/_next/webpack-hmr?id=cAaqOVcC9iJeHKKEgcz0e' failed: Error in connection establishment: net::ERR_CONNECTION_REFUSED @ http://localhost:3030/_next/static/chunks/04m2_next_dist_client_0-mnb_3._.js:13299
[   93255ms] [ERROR] WebSocket connection to 'ws://localhost:3030/_next/webpack-hmr?id=cAaqOVcC9iJeHKKEgcz0e' failed: Error in connection establishment: net::ERR_CONNECTION_REFUSED @ http://localhost:3030/_next/static/chunks/04m2_next_dist_client_0-mnb_3._.js:13299
[  100603ms] [ERROR] WebSocket connection to 'ws://localhost:3030/_next/webpack-hmr?id=cAaqOVcC9iJeHKKEgcz0e' failed: Error in connection establishment: net::ERR_CONNECTION_REFUSED @ http://localhost:3030/_next/static/chunks/04m2_next_dist_client_0-mnb_3._.js:13299
[  107938ms] [ERROR] WebSocket connection to 'ws://localhost:3030/_next/webpack-hmr?id=cAaqOVcC9iJeHKKEgcz0e' failed: Error in connection establishment: net::ERR_CONNECTION_REFUSED @ http://localhost:3030/_next/static/chunks/04m2_next_dist_client_0-mnb_3._.js:13299
[  115305ms] [ERROR] WebSocket connection to 'ws://localhost:3030/_next/webpack-hmr?id=cAaqOVcC9iJeHKKEgcz0e' failed: Error in connection establishment: net::ERR_CONNECTION_REFUSED @ http://localhost:3030/_next/static/chunks/04m2_next_dist_client_0-mnb_3._.js:13299
