[     131ms] [LOG] [Fast Refresh] rebuilding @ http://localhost:3070/_next/static/chunks/node_modules_next_dist_115brz8._.js:2431
[     378ms] [LOG] [Fast Refresh] done in 354ms @ http://localhost:3070/_next/static/chunks/node_modules_next_dist_115brz8._.js:2431
[     580ms] [VERBOSE] [DOM] Input elements should have autocomplete attributes (suggested: "current-password"): (More info: https://goo.gl/9p2vKq) %o @ http://localhost:3070/login?next=%2Fbusinesses:0
[     622ms] [INFO] %cDownload the React DevTools for a better development experience: https://react.dev/link/react-devtools font-weight:bold @ http://localhost:3070/_next/static/chunks/node_modules_next_dist_115brz8._.js:2431
[     951ms] [LOG] [HMR] connected @ http://localhost:3070/_next/static/chunks/node_modules_next_dist_115brz8._.js:2431
[   27527ms] [LOG] [Fast Refresh] rebuilding @ http://localhost:3070/_next/static/chunks/node_modules_next_dist_115brz8._.js:2431
[   27685ms] [LOG] [Fast Refresh] done in 221ms @ http://localhost:3070/_next/static/chunks/node_modules_next_dist_115brz8._.js:2431
[   31917ms] [ERROR] Failed to load resource: the server responded with a status of 404 (Not Found) @ http://localhost:3070/api/auth/login:0
[   69000ms] [LOG] [Fast Refresh] rebuilding @ http://localhost:3070/_next/static/chunks/node_modules_next_dist_115brz8._.js:2431
[   69026ms] [LOG] [Fast Refresh] done in 138ms @ http://localhost:3070/_next/static/chunks/node_modules_next_dist_115brz8._.js:2431
[   95378ms] [LOG] [Fast Refresh] rebuilding @ http://localhost:3070/_next/static/chunks/node_modules_next_dist_115brz8._.js:2431
[   95446ms] [LOG] [Fast Refresh] done in 177ms @ http://localhost:3070/_next/static/chunks/node_modules_next_dist_115brz8._.js:2431
[   98746ms] [LOG] [Fast Refresh] rebuilding @ http://localhost:3070/_next/static/chunks/node_modules_next_dist_115brz8._.js:2431
[   98919ms] [LOG] [Fast Refresh] done in 280ms @ http://localhost:3070/_next/static/chunks/node_modules_next_dist_115brz8._.js:2431
[  106365ms] [LOG] [Fast Refresh] rebuilding @ http://localhost:3070/_next/static/chunks/node_modules_next_dist_115brz8._.js:2431
[  106600ms] [LOG] [Fast Refresh] done in 348ms @ http://localhost:3070/_next/static/chunks/node_modules_next_dist_115brz8._.js:2431
[  106882ms] [LOG] [Fast Refresh] rebuilding @ http://localhost:3070/_next/static/chunks/node_modules_next_dist_115brz8._.js:2431
[  106949ms] [LOG] [Fast Refresh] done in 172ms @ http://localhost:3070/_next/static/chunks/node_modules_next_dist_115brz8._.js:2431
[  107061ms] [LOG] [Fast Refresh] rebuilding @ http://localhost:3070/_next/static/chunks/node_modules_next_dist_115brz8._.js:2431
[  107147ms] [LOG] [Fast Refresh] done in 188ms @ http://localhost:3070/_next/static/chunks/node_modules_next_dist_115brz8._.js:2431
[  107502ms] [LOG] [Fast Refresh] rebuilding @ http://localhost:3070/_next/static/chunks/node_modules_next_dist_115brz8._.js:2431
[  107507ms] [LOG] [Fast Refresh] done in 105ms @ http://localhost:3070/_next/static/chunks/node_modules_next_dist_115brz8._.js:2431
[  107855ms] [LOG] [Fast Refresh] rebuilding @ http://localhost:3070/_next/static/chunks/node_modules_next_dist_115brz8._.js:2431
[  107875ms] [LOG] [Fast Refresh] done in 125ms @ http://localhost:3070/_next/static/chunks/node_modules_next_dist_115brz8._.js:2431
[  117369ms] [LOG] [Fast Refresh] rebuilding @ http://localhost:3070/_next/static/chunks/node_modules_next_dist_115brz8._.js:2431
[  117417ms] [LOG] [Fast Refresh] done in 152ms @ http://localhost:3070/_next/static/chunks/node_modules_next_dist_115brz8._.js:2431
[  239846ms] [LOG] [Fast Refresh] rebuilding @ http://localhost:3070/_next/static/chunks/node_modules_next_dist_115brz8._.js:2431
[  239929ms] [LOG] [Fast Refresh] done in 184ms @ http://localhost:3070/_next/static/chunks/node_modules_next_dist_115brz8._.js:2431
[  248489ms] [LOG] [Fast Refresh] rebuilding @ http://localhost:3070/_next/static/chunks/node_modules_next_dist_115brz8._.js:2431
[  248511ms] [LOG] [Fast Refresh] done in 136ms @ http://localhost:3070/_next/static/chunks/node_modules_next_dist_115brz8._.js:2431
[  273229ms] [LOG] [Fast Refresh] rebuilding @ http://localhost:3070/_next/static/chunks/node_modules_next_dist_115brz8._.js:2431
[  273343ms] [LOG] [Fast Refresh] done in 227ms @ http://localhost:3070/_next/static/chunks/node_modules_next_dist_115brz8._.js:2431
[  273495ms] [LOG] [Fast Refresh] rebuilding @ http://localhost:3070/_next/static/chunks/node_modules_next_dist_115brz8._.js:2431
[  273596ms] [LOG] [Fast Refresh] done in 210ms @ http://localhost:3070/_next/static/chunks/node_modules_next_dist_115brz8._.js:2431
[  276377ms] [LOG] [Fast Refresh] rebuilding @ http://localhost:3070/_next/static/chunks/node_modules_next_dist_115brz8._.js:2431
[  276448ms] [LOG] [Fast Refresh] done in 174ms @ http://localhost:3070/_next/static/chunks/node_modules_next_dist_115brz8._.js:2431
[  286995ms] [LOG] [Fast Refresh] rebuilding @ http://localhost:3070/_next/static/chunks/node_modules_next_dist_115brz8._.js:2431
[  287040ms] [LOG] [Fast Refresh] done in 147ms @ http://localhost:3070/_next/static/chunks/node_modules_next_dist_115brz8._.js:2431
[  395291ms] [LOG] [Fast Refresh] rebuilding @ http://localhost:3070/_next/static/chunks/node_modules_next_dist_115brz8._.js:2431
[  395390ms] [LOG] [Fast Refresh] done in 201ms @ http://localhost:3070/_next/static/chunks/node_modules_next_dist_115brz8._.js:2431
[  395783ms] [LOG] [Fast Refresh] rebuilding @ http://localhost:3070/_next/static/chunks/node_modules_next_dist_115brz8._.js:2431
[  395867ms] [LOG] [Fast Refresh] done in 190ms @ http://localhost:3070/_next/static/chunks/node_modules_next_dist_115brz8._.js:2431
[  397005ms] [LOG] [Fast Refresh] rebuilding @ http://localhost:3070/_next/static/chunks/node_modules_next_dist_115brz8._.js:2431
[  397018ms] [LOG] [Fast Refresh] done in 119ms @ http://localhost:3070/_next/static/chunks/node_modules_next_dist_115brz8._.js:2431
[  397131ms] [LOG] [Fast Refresh] rebuilding @ http://localhost:3070/_next/static/chunks/node_modules_next_dist_115brz8._.js:2431
[  398141ms] [LOG] [Fast Refresh] done in 1093ms @ http://localhost:3070/_next/static/chunks/node_modules_next_dist_115brz8._.js:2431
[  398304ms] [LOG] [Fast Refresh] rebuilding @ http://localhost:3070/_next/static/chunks/node_modules_next_dist_115brz8._.js:2431
[  398376ms] [LOG] [Fast Refresh] done in 183ms @ http://localhost:3070/_next/static/chunks/node_modules_next_dist_115brz8._.js:2431
[  400823ms] [LOG] [Fast Refresh] rebuilding @ http://localhost:3070/_next/static/chunks/node_modules_next_dist_115brz8._.js:2431
[  400846ms] [LOG] [Fast Refresh] done in 132ms @ http://localhost:3070/_next/static/chunks/node_modules_next_dist_115brz8._.js:2431
[  401485ms] [LOG] [Fast Refresh] rebuilding @ http://localhost:3070/_next/static/chunks/node_modules_next_dist_115brz8._.js:2431
[  401486ms] [LOG] [Fast Refresh] done in 103ms @ http://localhost:3070/_next/static/chunks/node_modules_next_dist_115brz8._.js:2431
[  401873ms] [LOG] [Fast Refresh] rebuilding @ http://localhost:3070/_next/static/chunks/node_modules_next_dist_115brz8._.js:2431
[  401884ms] [LOG] [Fast Refresh] done in 113ms @ http://localhost:3070/_next/static/chunks/node_modules_next_dist_115brz8._.js:2431
[  402121ms] [LOG] [Fast Refresh] rebuilding @ http://localhost:3070/_next/static/chunks/node_modules_next_dist_115brz8._.js:2431
[  402134ms] [LOG] [Fast Refresh] done in 114ms @ http://localhost:3070/_next/static/chunks/node_modules_next_dist_115brz8._.js:2431
[  402339ms] [LOG] [Fast Refresh] rebuilding @ http://localhost:3070/_next/static/chunks/node_modules_next_dist_115brz8._.js:2431
[  402387ms] [LOG] [Fast Refresh] done in 152ms @ http://localhost:3070/_next/static/chunks/node_modules_next_dist_115brz8._.js:2431
[  403141ms] [LOG] [Fast Refresh] rebuilding @ http://localhost:3070/_next/static/chunks/node_modules_next_dist_115brz8._.js:2431
[  403141ms] [LOG] [Fast Refresh] done in 108ms @ http://localhost:3070/_next/static/chunks/node_modules_next_dist_115brz8._.js:2431
[  409012ms] [LOG] [Fast Refresh] rebuilding @ http://localhost:3070/_next/static/chunks/node_modules_next_dist_115brz8._.js:2431
[  409082ms] [LOG] [Fast Refresh] done in 181ms @ http://localhost:3070/_next/static/chunks/node_modules_next_dist_115brz8._.js:2431
[  410198ms] [LOG] [Fast Refresh] rebuilding @ http://localhost:3070/_next/static/chunks/node_modules_next_dist_115brz8._.js:2431
[  410215ms] [LOG] [Fast Refresh] done in 132ms @ http://localhost:3070/_next/static/chunks/node_modules_next_dist_115brz8._.js:2431
[  417620ms] [LOG] [Fast Refresh] rebuilding @ http://localhost:3070/_next/static/chunks/node_modules_next_dist_115brz8._.js:2431
[  417757ms] [LOG] [Fast Refresh] done in 246ms @ http://localhost:3070/_next/static/chunks/node_modules_next_dist_115brz8._.js:2431
[  417913ms] [LOG] [Fast Refresh] rebuilding @ http://localhost:3070/_next/static/chunks/node_modules_next_dist_115brz8._.js:2431
[  418048ms] [LOG] [Fast Refresh] done in 235ms @ http://localhost:3070/_next/static/chunks/node_modules_next_dist_115brz8._.js:2431
[  418167ms] [LOG] [Fast Refresh] rebuilding @ http://localhost:3070/_next/static/chunks/node_modules_next_dist_115brz8._.js:2431
[  418281ms] [LOG] [Fast Refresh] done in 218ms @ http://localhost:3070/_next/static/chunks/node_modules_next_dist_115brz8._.js:2431
[  418803ms] [LOG] [Fast Refresh] rebuilding @ http://localhost:3070/_next/static/chunks/node_modules_next_dist_115brz8._.js:2431
[  418862ms] [LOG] [Fast Refresh] done in 167ms @ http://localhost:3070/_next/static/chunks/node_modules_next_dist_115brz8._.js:2431
[  425194ms] [LOG] [Fast Refresh] rebuilding @ http://localhost:3070/_next/static/chunks/node_modules_next_dist_115brz8._.js:2431
[  426017ms] [LOG] [Fast Refresh] done in 921ms @ http://localhost:3070/_next/static/chunks/node_modules_next_dist_115brz8._.js:2431
[  426126ms] [LOG] [Fast Refresh] rebuilding @ http://localhost:3070/_next/static/chunks/node_modules_next_dist_115brz8._.js:2431
[  426628ms] [LOG] [Fast Refresh] done in 608ms @ http://localhost:3070/_next/static/chunks/node_modules_next_dist_115brz8._.js:2431
[  426875ms] [LOG] [Fast Refresh] rebuilding @ http://localhost:3070/_next/static/chunks/node_modules_next_dist_115brz8._.js:2431
[  427038ms] [LOG] [Fast Refresh] done in 273ms @ http://localhost:3070/_next/static/chunks/node_modules_next_dist_115brz8._.js:2431
[  427835ms] [LOG] [Fast Refresh] rebuilding @ http://localhost:3070/_next/static/chunks/node_modules_next_dist_115brz8._.js:2431
[  427921ms] [LOG] [Fast Refresh] done in 188ms @ http://localhost:3070/_next/static/chunks/node_modules_next_dist_115brz8._.js:2431
[  428247ms] [LOG] [Fast Refresh] rebuilding @ http://localhost:3070/_next/static/chunks/node_modules_next_dist_115brz8._.js:2431
[  428277ms] [LOG] [Fast Refresh] done in 131ms @ http://localhost:3070/_next/static/chunks/node_modules_next_dist_115brz8._.js:2431
[  429079ms] [LOG] [Fast Refresh] rebuilding @ http://localhost:3070/_next/static/chunks/node_modules_next_dist_115brz8._.js:2431
[  429121ms] [LOG] [Fast Refresh] done in 142ms @ http://localhost:3070/_next/static/chunks/node_modules_next_dist_115brz8._.js:2431
[  429265ms] [LOG] [Fast Refresh] rebuilding @ http://localhost:3070/_next/static/chunks/node_modules_next_dist_115brz8._.js:2431
[  429266ms] [LOG] [Fast Refresh] done in 103ms @ http://localhost:3070/_next/static/chunks/node_modules_next_dist_115brz8._.js:2431
[  430383ms] [LOG] [Fast Refresh] rebuilding @ http://localhost:3070/_next/static/chunks/node_modules_next_dist_115brz8._.js:2431
[  430392ms] [LOG] [Fast Refresh] done in 110ms @ http://localhost:3070/_next/static/chunks/node_modules_next_dist_115brz8._.js:2431
[  430594ms] [LOG] [Fast Refresh] rebuilding @ http://localhost:3070/_next/static/chunks/node_modules_next_dist_115brz8._.js:2431
[  430629ms] [LOG] [Fast Refresh] done in 136ms @ http://localhost:3070/_next/static/chunks/node_modules_next_dist_115brz8._.js:2431
[  430852ms] [LOG] [Fast Refresh] rebuilding @ http://localhost:3070/_next/static/chunks/node_modules_next_dist_115brz8._.js:2431
[  430855ms] [LOG] [Fast Refresh] done in 106ms @ http://localhost:3070/_next/static/chunks/node_modules_next_dist_115brz8._.js:2431
[  432499ms] [LOG] [Fast Refresh] rebuilding @ http://localhost:3070/_next/static/chunks/node_modules_next_dist_115brz8._.js:2431
[  432515ms] [LOG] [Fast Refresh] done in 118ms @ http://localhost:3070/_next/static/chunks/node_modules_next_dist_115brz8._.js:2431
[  436141ms] [LOG] [Fast Refresh] rebuilding @ http://localhost:3070/_next/static/chunks/node_modules_next_dist_115brz8._.js:2431
[  436167ms] [LOG] [Fast Refresh] done in 135ms @ http://localhost:3070/_next/static/chunks/node_modules_next_dist_115brz8._.js:2431
[  439302ms] [LOG] [Fast Refresh] rebuilding @ http://localhost:3070/_next/static/chunks/node_modules_next_dist_115brz8._.js:2431
[  439303ms] [LOG] [Fast Refresh] done in 112ms @ http://localhost:3070/_next/static/chunks/node_modules_next_dist_115brz8._.js:2431
[  458399ms] [LOG] [Fast Refresh] rebuilding @ http://localhost:3070/_next/static/chunks/node_modules_next_dist_115brz8._.js:2431
[  458750ms] [LOG] [Fast Refresh] done in 462ms @ http://localhost:3070/_next/static/chunks/node_modules_next_dist_115brz8._.js:2431
[  458909ms] [LOG] [Fast Refresh] rebuilding @ http://localhost:3070/_next/static/chunks/node_modules_next_dist_115brz8._.js:2431
[  458943ms] [LOG] [Fast Refresh] done in 142ms @ http://localhost:3070/_next/static/chunks/node_modules_next_dist_115brz8._.js:2431
[  459111ms] [LOG] [Fast Refresh] rebuilding @ http://localhost:3070/_next/static/chunks/node_modules_next_dist_115brz8._.js:2431
[  459174ms] [LOG] [Fast Refresh] done in 172ms @ http://localhost:3070/_next/static/chunks/node_modules_next_dist_115brz8._.js:2431
[  459812ms] [LOG] [Fast Refresh] rebuilding @ http://localhost:3070/_next/static/chunks/node_modules_next_dist_115brz8._.js:2431
[  459864ms] [LOG] [Fast Refresh] done in 152ms @ http://localhost:3070/_next/static/chunks/node_modules_next_dist_115brz8._.js:2431
[  459967ms] [LOG] [Fast Refresh] rebuilding @ http://localhost:3070/_next/static/chunks/node_modules_next_dist_115brz8._.js:2431
[  460424ms] [LOG] [Fast Refresh] done in 541ms @ http://localhost:3070/_next/static/chunks/node_modules_next_dist_115brz8._.js:2431
[  467946ms] [LOG] [Fast Refresh] rebuilding @ http://localhost:3070/_next/static/chunks/node_modules_next_dist_115brz8._.js:2431
[  468011ms] [LOG] [Fast Refresh] done in 180ms @ http://localhost:3070/_next/static/chunks/node_modules_next_dist_115brz8._.js:2431
[  478526ms] [LOG] [Fast Refresh] rebuilding @ http://localhost:3070/_next/static/chunks/node_modules_next_dist_115brz8._.js:2431
[  478589ms] [LOG] [Fast Refresh] done in 170ms @ http://localhost:3070/_next/static/chunks/node_modules_next_dist_115brz8._.js:2431
[  481184ms] [LOG] [Fast Refresh] rebuilding @ http://localhost:3070/_next/static/chunks/node_modules_next_dist_115brz8._.js:2431
[  481216ms] [LOG] [Fast Refresh] done in 136ms @ http://localhost:3070/_next/static/chunks/node_modules_next_dist_115brz8._.js:2431
[  482353ms] [LOG] [Fast Refresh] rebuilding @ http://localhost:3070/_next/static/chunks/node_modules_next_dist_115brz8._.js:2431
[  482532ms] [LOG] [Fast Refresh] done in 278ms @ http://localhost:3070/_next/static/chunks/node_modules_next_dist_115brz8._.js:2431
[  482978ms] [LOG] [Fast Refresh] rebuilding @ http://localhost:3070/_next/static/chunks/node_modules_next_dist_115brz8._.js:2431
[  483148ms] [LOG] [Fast Refresh] done in 276ms @ http://localhost:3070/_next/static/chunks/node_modules_next_dist_115brz8._.js:2431
[  483324ms] [LOG] [Fast Refresh] rebuilding @ http://localhost:3070/_next/static/chunks/node_modules_next_dist_115brz8._.js:2431
[  483429ms] [LOG] [Fast Refresh] done in 208ms @ http://localhost:3070/_next/static/chunks/node_modules_next_dist_115brz8._.js:2431
[  483445ms] ReferenceError: parseAuthIdentifier is not defined
    at LoginFormContent.useMemo[identifierType] (http://localhost:3070/_next/static/chunks/_03_6b5t._.js?id=%255Bproject%255D%252Fapps%252Ftaav-ai-lab%252Fcomponents%252FLoginForm.tsx+%255Bapp-client%255D+%2528ecmascript%2529:54:88)
    at updateMemo (http://localhost:3070/_next/static/chunks/node_modules_next_dist_compiled_react-dom_058-ah~._.js:5413:21)
    at Object.useMemo (http://localhost:3070/_next/static/chunks/node_modules_next_dist_compiled_react-dom_058-ah~._.js:15465:24)
    at exports.useMemo (http://localhost:3070/_next/static/chunks/node_modules_next_dist_compiled_0rpq4pf._.js:1742:36)
    at LoginFormContent (http://localhost:3070/_next/static/chunks/_03_6b5t._.js?id=%255Bproject%255D%252Fapps%252Ftaav-ai-lab%252Fcomponents%252FLoginForm.tsx+%255Bapp-client%255D+%2528ecmascript%2529:53:201)
    at Object.react_stack_bottom_frame (http://localhost:3070/_next/static/chunks/node_modules_next_dist_compiled_react-dom_058-ah~._.js:15037:24)
    at renderWithHooks (http://localhost:3070/_next/static/chunks/node_modules_next_dist_compiled_react-dom_058-ah~._.js:4620:24)
    at updateFunctionComponent (http://localhost:3070/_next/static/chunks/node_modules_next_dist_compiled_react-dom_058-ah~._.js:6081:21)
    at beginWork (http://localhost:3070/_next/static/chunks/node_modules_next_dist_compiled_react-dom_058-ah~._.js:6691:24)
    at runWithFiberInDEV (http://localhost:3070/_next/static/chunks/node_modules_next_dist_compiled_react-dom_058-ah~._.js:965:74)
    at performUnitOfWork (http://localhost:3070/_next/static/chunks/node_modules_next_dist_compiled_react-dom_058-ah~._.js:9555:97)
    at workLoopSync (http://localhost:3070/_next/static/chunks/node_modules_next_dist_compiled_react-dom_058-ah~._.js:9449:40)
    at renderRootSync (http://localhost:3070/_next/static/chunks/node_modules_next_dist_compiled_react-dom_058-ah~._.js:9433:13)
    at performWorkOnRoot (http://localhost:3070/_next/static/chunks/node_modules_next_dist_compiled_react-dom_058-ah~._.js:9061:186)
    at performSyncWorkOnRoot (http://localhost:3070/_next/static/chunks/node_modules_next_dist_compiled_react-dom_058-ah~._.js:10263:9)
    at flushSyncWorkAcrossRoots_impl (http://localhost:3070/_next/static/chunks/node_modules_next_dist_compiled_react-dom_058-ah~._.js:10179:316)
    at processRootScheduleInMicrotask (http://localhost:3070/_next/static/chunks/node_modules_next_dist_compiled_react-dom_058-ah~._.js:10200:106)
    at http://localhost:3070/_next/static/chunks/node_modules_next_dist_compiled_react-dom_058-ah~._.js:10274:158
[  483572ms] [LOG] [Fast Refresh] rebuilding @ http://localhost:3070/_next/static/chunks/node_modules_next_dist_115brz8._.js:2431
[  483620ms] [LOG] [Fast Refresh] done in 161ms @ http://localhost:3070/_next/static/chunks/node_modules_next_dist_115brz8._.js:2431
[  483722ms] [LOG] [Fast Refresh] rebuilding @ http://localhost:3070/_next/static/chunks/node_modules_next_dist_115brz8._.js:2431
[  483834ms] [LOG] [Fast Refresh] done in 213ms @ http://localhost:3070/_next/static/chunks/node_modules_next_dist_115brz8._.js:2431
[  499339ms] [LOG] [Fast Refresh] rebuilding @ http://localhost:3070/_next/static/chunks/node_modules_next_dist_115brz8._.js:2431
[  499353ms] [WARNING] [Fast Refresh] performing full reload because your application had an unrecoverable error @ http://localhost:3070/_next/static/chunks/node_modules_next_dist_115brz8._.js:2431
[  499365ms] ReferenceError: parseAuthIdentifier is not defined
    at LoginFormContent.useMemo[identifierType] (http://localhost:3070/_next/static/chunks/_03_6b5t._.js?id=%255Bproject%255D%252Fapps%252Ftaav-ai-lab%252Fcomponents%252FLoginForm.tsx+%255Bapp-client%255D+%2528ecmascript%2529:56:88)
    at mountMemo (http://localhost:3070/_next/static/chunks/node_modules_next_dist_compiled_react-dom_058-ah~._.js:5393:25)
    at Object.useMemo (http://localhost:3070/_next/static/chunks/node_modules_next_dist_compiled_react-dom_058-ah~._.js:15213:24)
    at exports.useMemo (http://localhost:3070/_next/static/chunks/node_modules_next_dist_compiled_0rpq4pf._.js:1742:36)
    at LoginFormContent (http://localhost:3070/_next/static/chunks/_03_6b5t._.js?id=%255Bproject%255D%252Fapps%252Ftaav-ai-lab%252Fcomponents%252FLoginForm.tsx+%255Bapp-client%255D+%2528ecmascript%2529:55:201)
    at Object.react_stack_bottom_frame (http://localhost:3070/_next/static/chunks/node_modules_next_dist_compiled_react-dom_058-ah~._.js:15037:24)
    at renderWithHooks (http://localhost:3070/_next/static/chunks/node_modules_next_dist_compiled_react-dom_058-ah~._.js:4620:24)
    at updateFunctionComponent (http://localhost:3070/_next/static/chunks/node_modules_next_dist_compiled_react-dom_058-ah~._.js:6081:21)
    at beginWork (http://localhost:3070/_next/static/chunks/node_modules_next_dist_compiled_react-dom_058-ah~._.js:6691:24)
    at runWithFiberInDEV (http://localhost:3070/_next/static/chunks/node_modules_next_dist_compiled_react-dom_058-ah~._.js:965:74)
    at performUnitOfWork (http://localhost:3070/_next/static/chunks/node_modules_next_dist_compiled_react-dom_058-ah~._.js:9555:97)
    at workLoopSync (http://localhost:3070/_next/static/chunks/node_modules_next_dist_compiled_react-dom_058-ah~._.js:9449:40)
    at renderRootSync (http://localhost:3070/_next/static/chunks/node_modules_next_dist_compiled_react-dom_058-ah~._.js:9433:13)
    at performWorkOnRoot (http://localhost:3070/_next/static/chunks/node_modules_next_dist_compiled_react-dom_058-ah~._.js:9098:47)
    at performSyncWorkOnRoot (http://localhost:3070/_next/static/chunks/node_modules_next_dist_compiled_react-dom_058-ah~._.js:10263:9)
    at flushSyncWorkAcrossRoots_impl (http://localhost:3070/_next/static/chunks/node_modules_next_dist_compiled_react-dom_058-ah~._.js:10179:316)
    at flushSyncWork$1 (http://localhost:3070/_next/static/chunks/node_modules_next_dist_compiled_react-dom_058-ah~._.js:9230:86)
    at Object.scheduleRefresh (http://localhost:3070/_next/static/chunks/node_modules_next_dist_compiled_react-dom_058-ah~._.js:299:13)
    at http://localhost:3070/_next/static/chunks/node_modules_next_dist_compiled_0rpq4pf._.js:391:33
    at Set.forEach (<anonymous>)
    at Object.performReactRefresh (http://localhost:3070/_next/static/chunks/node_modules_next_dist_compiled_0rpq4pf._.js:384:38)
    at applyUpdate (http://localhost:3070/_next/static/chunks/node_modules_next_dist_compiled_0rpq4pf._.js:878:31)
    at http://localhost:3070/_next/static/chunks/node_modules_next_dist_compiled_0rpq4pf._.js:886:13
[  499375ms] [LOG] [Fast Refresh] done in 119ms @ http://localhost:3070/_next/static/chunks/node_modules_next_dist_115brz8._.js:2431
[  499543ms] [LOG] [Fast Refresh] rebuilding @ http://localhost:3070/_next/static/chunks/node_modules_next_dist_115brz8._.js:2431
[  499662ms] [LOG] [Fast Refresh] done in 232ms @ http://localhost:3070/_next/static/chunks/node_modules_next_dist_115brz8._.js:2431
[  499778ms] [LOG] [Fast Refresh] rebuilding @ http://localhost:3070/_next/static/chunks/node_modules_next_dist_115brz8._.js:2431
[  500085ms] [LOG] [Fast Refresh] done in 422ms @ http://localhost:3070/_next/static/chunks/node_modules_next_dist_115brz8._.js:2431
[  500363ms] [INFO] %cDownload the React DevTools for a better development experience: https://react.dev/link/react-devtools font-weight:bold @ http://localhost:3070/_next/static/chunks/node_modules_next_dist_115brz8._.js:2431
[  500688ms] [LOG] [HMR] connected @ http://localhost:3070/_next/static/chunks/node_modules_next_dist_115brz8._.js:2431
[  500716ms] ReferenceError: parseAuthIdentifier is not defined
    at LoginFormContent.useMemo[identifierType] (http://localhost:3070/_next/static/chunks/_03_6b5t._.js:3863:88)
    at mountMemo (http://localhost:3070/_next/static/chunks/node_modules_next_dist_compiled_react-dom_058-ah~._.js:5393:25)
    at Object.useMemo (http://localhost:3070/_next/static/chunks/node_modules_next_dist_compiled_react-dom_058-ah~._.js:15213:24)
    at exports.useMemo (http://localhost:3070/_next/static/chunks/node_modules_next_dist_compiled_0rpq4pf._.js:1742:36)
    at LoginFormContent (http://localhost:3070/_next/static/chunks/_03_6b5t._.js:3862:201)
    at Object.react_stack_bottom_frame (http://localhost:3070/_next/static/chunks/node_modules_next_dist_compiled_react-dom_058-ah~._.js:15037:24)
    at renderWithHooks (http://localhost:3070/_next/static/chunks/node_modules_next_dist_compiled_react-dom_058-ah~._.js:4620:24)
    at updateFunctionComponent (http://localhost:3070/_next/static/chunks/node_modules_next_dist_compiled_react-dom_058-ah~._.js:6081:21)
    at beginWork (http://localhost:3070/_next/static/chunks/node_modules_next_dist_compiled_react-dom_058-ah~._.js:6691:24)
    at runWithFiberInDEV (http://localhost:3070/_next/static/chunks/node_modules_next_dist_compiled_react-dom_058-ah~._.js:965:74)
    at performUnitOfWork (http://localhost:3070/_next/static/chunks/node_modules_next_dist_compiled_react-dom_058-ah~._.js:9555:97)
    at workLoopSync (http://localhost:3070/_next/static/chunks/node_modules_next_dist_compiled_react-dom_058-ah~._.js:9449:40)
    at renderRootSync (http://localhost:3070/_next/static/chunks/node_modules_next_dist_compiled_react-dom_058-ah~._.js:9433:13)
    at performWorkOnRoot (http://localhost:3070/_next/static/chunks/node_modules_next_dist_compiled_react-dom_058-ah~._.js:9098:47)
    at performWorkOnRootViaSchedulerTask (http://localhost:3070/_next/static/chunks/node_modules_next_dist_compiled_react-dom_058-ah~._.js:10255:9)
    at MessagePort.performWorkUntilDeadline (http://localhost:3070/_next/static/chunks/node_modules_next_dist_compiled_0rpq4pf._.js:2647:64)
[  501691ms] [LOG] [Fast Refresh] rebuilding @ http://localhost:3070/_next/static/chunks/node_modules_next_dist_115brz8._.js:2431
[  501698ms] [WARNING] [Fast Refresh] performing full reload because your application had an unrecoverable error @ http://localhost:3070/_next/static/chunks/node_modules_next_dist_115brz8._.js:2431
[  501743ms] [LOG] [Fast Refresh] done in 90ms @ http://localhost:3070/_next/static/chunks/node_modules_next_dist_115brz8._.js:2431
[  501857ms] [LOG] [Fast Refresh] rebuilding @ http://localhost:3070/_next/static/chunks/node_modules_next_dist_115brz8._.js:2431
[  501880ms] [LOG] [Fast Refresh] done in 129ms @ http://localhost:3070/_next/static/chunks/node_modules_next_dist_115brz8._.js:2431
[  501998ms] [LOG] [Fast Refresh] rebuilding @ http://localhost:3070/_next/static/chunks/node_modules_next_dist_115brz8._.js:2431
[  502095ms] [LOG] [Fast Refresh] done in 206ms @ http://localhost:3070/_next/static/chunks/node_modules_next_dist_115brz8._.js:2431
[  502422ms] [INFO] %cDownload the React DevTools for a better development experience: https://react.dev/link/react-devtools font-weight:bold @ http://localhost:3070/_next/static/chunks/node_modules_next_dist_115brz8._.js:2431
[  502736ms] [LOG] [HMR] connected @ http://localhost:3070/_next/static/chunks/node_modules_next_dist_115brz8._.js:2431
[  502765ms] ReferenceError: parseAuthIdentifier is not defined
    at LoginFormContent.useMemo[identifierType] (http://localhost:3070/_next/static/chunks/_03_6b5t._.js:3863:88)
    at mountMemo (http://localhost:3070/_next/static/chunks/node_modules_next_dist_compiled_react-dom_058-ah~._.js:5393:25)
    at Object.useMemo (http://localhost:3070/_next/static/chunks/node_modules_next_dist_compiled_react-dom_058-ah~._.js:15213:24)
    at exports.useMemo (http://localhost:3070/_next/static/chunks/node_modules_next_dist_compiled_0rpq4pf._.js:1742:36)
    at LoginFormContent (http://localhost:3070/_next/static/chunks/_03_6b5t._.js:3862:201)
    at Object.react_stack_bottom_frame (http://localhost:3070/_next/static/chunks/node_modules_next_dist_compiled_react-dom_058-ah~._.js:15037:24)
    at renderWithHooks (http://localhost:3070/_next/static/chunks/node_modules_next_dist_compiled_react-dom_058-ah~._.js:4620:24)
    at updateFunctionComponent (http://localhost:3070/_next/static/chunks/node_modules_next_dist_compiled_react-dom_058-ah~._.js:6081:21)
    at beginWork (http://localhost:3070/_next/static/chunks/node_modules_next_dist_compiled_react-dom_058-ah~._.js:6691:24)
    at runWithFiberInDEV (http://localhost:3070/_next/static/chunks/node_modules_next_dist_compiled_react-dom_058-ah~._.js:965:74)
    at performUnitOfWork (http://localhost:3070/_next/static/chunks/node_modules_next_dist_compiled_react-dom_058-ah~._.js:9555:97)
    at workLoopSync (http://localhost:3070/_next/static/chunks/node_modules_next_dist_compiled_react-dom_058-ah~._.js:9449:40)
    at renderRootSync (http://localhost:3070/_next/static/chunks/node_modules_next_dist_compiled_react-dom_058-ah~._.js:9433:13)
    at performWorkOnRoot (http://localhost:3070/_next/static/chunks/node_modules_next_dist_compiled_react-dom_058-ah~._.js:9098:47)
    at performWorkOnRootViaSchedulerTask (http://localhost:3070/_next/static/chunks/node_modules_next_dist_compiled_react-dom_058-ah~._.js:10255:9)
    at MessagePort.performWorkUntilDeadline (http://localhost:3070/_next/static/chunks/node_modules_next_dist_compiled_0rpq4pf._.js:2647:64)
[  503024ms] [LOG] [Fast Refresh] rebuilding @ http://localhost:3070/_next/static/chunks/node_modules_next_dist_115brz8._.js:2431
[  503089ms] [LOG] [Fast Refresh] done in 167ms @ http://localhost:3070/_next/static/chunks/node_modules_next_dist_115brz8._.js:2431
[  503190ms] [LOG] [Fast Refresh] rebuilding @ http://localhost:3070/_next/static/chunks/node_modules_next_dist_115brz8._.js:2431
[  503263ms] [LOG] [Fast Refresh] done in 173ms @ http://localhost:3070/_next/static/chunks/node_modules_next_dist_115brz8._.js:2431
[  503579ms] [INFO] %cDownload the React DevTools for a better development experience: https://react.dev/link/react-devtools font-weight:bold @ http://localhost:3070/_next/static/chunks/node_modules_next_dist_115brz8._.js:2431
[  503894ms] [LOG] [HMR] connected @ http://localhost:3070/_next/static/chunks/node_modules_next_dist_115brz8._.js:2431
[  503922ms] ReferenceError: parseAuthIdentifier is not defined
    at LoginFormContent.useMemo[identifierType] (http://localhost:3070/_next/static/chunks/_03_6b5t._.js:3863:88)
    at mountMemo (http://localhost:3070/_next/static/chunks/node_modules_next_dist_compiled_react-dom_058-ah~._.js:5393:25)
    at Object.useMemo (http://localhost:3070/_next/static/chunks/node_modules_next_dist_compiled_react-dom_058-ah~._.js:15213:24)
    at exports.useMemo (http://localhost:3070/_next/static/chunks/node_modules_next_dist_compiled_0rpq4pf._.js:1742:36)
    at LoginFormContent (http://localhost:3070/_next/static/chunks/_03_6b5t._.js:3862:201)
    at Object.react_stack_bottom_frame (http://localhost:3070/_next/static/chunks/node_modules_next_dist_compiled_react-dom_058-ah~._.js:15037:24)
    at renderWithHooks (http://localhost:3070/_next/static/chunks/node_modules_next_dist_compiled_react-dom_058-ah~._.js:4620:24)
    at updateFunctionComponent (http://localhost:3070/_next/static/chunks/node_modules_next_dist_compiled_react-dom_058-ah~._.js:6081:21)
    at beginWork (http://localhost:3070/_next/static/chunks/node_modules_next_dist_compiled_react-dom_058-ah~._.js:6691:24)
    at runWithFiberInDEV (http://localhost:3070/_next/static/chunks/node_modules_next_dist_compiled_react-dom_058-ah~._.js:965:74)
    at performUnitOfWork (http://localhost:3070/_next/static/chunks/node_modules_next_dist_compiled_react-dom_058-ah~._.js:9555:97)
    at workLoopSync (http://localhost:3070/_next/static/chunks/node_modules_next_dist_compiled_react-dom_058-ah~._.js:9449:40)
    at renderRootSync (http://localhost:3070/_next/static/chunks/node_modules_next_dist_compiled_react-dom_058-ah~._.js:9433:13)
    at performWorkOnRoot (http://localhost:3070/_next/static/chunks/node_modules_next_dist_compiled_react-dom_058-ah~._.js:9098:47)
    at performWorkOnRootViaSchedulerTask (http://localhost:3070/_next/static/chunks/node_modules_next_dist_compiled_react-dom_058-ah~._.js:10255:9)
    at MessagePort.performWorkUntilDeadline (http://localhost:3070/_next/static/chunks/node_modules_next_dist_compiled_0rpq4pf._.js:2647:64)
[  512582ms] [LOG] [Fast Refresh] rebuilding @ http://localhost:3070/_next/static/chunks/node_modules_next_dist_115brz8._.js:2431
[  512582ms] [LOG] [Fast Refresh] done in 107ms @ http://localhost:3070/_next/static/chunks/node_modules_next_dist_115brz8._.js:2431
[  519905ms] [LOG] [Fast Refresh] rebuilding @ http://localhost:3070/_next/static/chunks/node_modules_next_dist_115brz8._.js:2431
[  520000ms] [WARNING] [Fast Refresh] performing full reload because your application had an unrecoverable error @ http://localhost:3070/_next/static/chunks/node_modules_next_dist_115brz8._.js:2431
[  520002ms] [LOG] [Fast Refresh] done in 195ms @ http://localhost:3070/_next/static/chunks/node_modules_next_dist_115brz8._.js:2431
[  520149ms] [LOG] [Fast Refresh] rebuilding @ http://localhost:3070/_next/static/chunks/node_modules_next_dist_115brz8._.js:2431
[  520201ms] [LOG] [Fast Refresh] done in 154ms @ http://localhost:3070/_next/static/chunks/node_modules_next_dist_115brz8._.js:2431
[  520423ms] [LOG] [Fast Refresh] rebuilding @ http://localhost:3070/_next/static/chunks/node_modules_next_dist_115brz8._.js:2431
[  520587ms] [LOG] [Fast Refresh] done in 273ms @ http://localhost:3070/_next/static/chunks/node_modules_next_dist_115brz8._.js:2431
[  520691ms] [LOG] [Fast Refresh] rebuilding @ http://localhost:3070/_next/static/chunks/node_modules_next_dist_115brz8._.js:2431
[  520784ms] [VERBOSE] [DOM] Input elements should have autocomplete attributes (suggested: "current-password"): (More info: https://goo.gl/9p2vKq) %o @ http://localhost:3070/login?next=%2Fbusinesses:0
[  520827ms] [INFO] %cDownload the React DevTools for a better development experience: https://react.dev/link/react-devtools font-weight:bold @ http://localhost:3070/_next/static/chunks/node_modules_next_dist_115brz8._.js:2431
[  521144ms] [LOG] [HMR] connected @ http://localhost:3070/_next/static/chunks/node_modules_next_dist_115brz8._.js:2431
[  545471ms] [LOG] [Fast Refresh] rebuilding @ http://localhost:3070/_next/static/chunks/node_modules_next_dist_115brz8._.js:2431
[  548676ms] [LOG] [Fast Refresh] done in 3316ms @ http://localhost:3070/_next/static/chunks/node_modules_next_dist_115brz8._.js:2431
[  549361ms] [LOG] [Fast Refresh] rebuilding @ http://localhost:3070/_next/static/chunks/node_modules_next_dist_115brz8._.js:2431
[  549461ms] [LOG] [Fast Refresh] done in 200ms @ http://localhost:3070/_next/static/chunks/node_modules_next_dist_115brz8._.js:2431
[  559678ms] [LOG] [Fast Refresh] rebuilding @ http://localhost:3070/_next/static/chunks/node_modules_next_dist_115brz8._.js:2431
[  559997ms] [LOG] [Fast Refresh] done in 423ms @ http://localhost:3070/_next/static/chunks/node_modules_next_dist_115brz8._.js:2431
[  562199ms] [LOG] [Fast Refresh] rebuilding @ http://localhost:3070/_next/static/chunks/node_modules_next_dist_115brz8._.js:2431
[  562671ms] [LOG] [Fast Refresh] done in 576ms @ http://localhost:3070/_next/static/chunks/node_modules_next_dist_115brz8._.js:2431
[  578852ms] [LOG] [Fast Refresh] rebuilding @ http://localhost:3070/_next/static/chunks/node_modules_next_dist_115brz8._.js:2431
[  579029ms] [LOG] [Fast Refresh] done in 277ms @ http://localhost:3070/_next/static/chunks/node_modules_next_dist_115brz8._.js:2431
[  579180ms] [LOG] [Fast Refresh] rebuilding @ http://localhost:3070/_next/static/chunks/node_modules_next_dist_115brz8._.js:2431
[  579267ms] [LOG] [Fast Refresh] done in 193ms @ http://localhost:3070/_next/static/chunks/node_modules_next_dist_115brz8._.js:2431
[  596797ms] [LOG] [Fast Refresh] rebuilding @ http://localhost:3070/_next/static/chunks/node_modules_next_dist_115brz8._.js:2431
[  596845ms] [LOG] [Fast Refresh] done in 151ms @ http://localhost:3070/_next/static/chunks/node_modules_next_dist_115brz8._.js:2431
